c:\users\jasmine\desktop\berry-my-strawberry\winapi_56\x64\release\mygame.pch
c:\users\jasmine\desktop\berry-my-strawberry\winapi_56\x64\release\vc143.pdb
c:\users\jasmine\desktop\berry-my-strawberry\winapi_56\x64\release\actor.obj
c:\users\jasmine\desktop\berry-my-strawberry\winapi_56\x64\release\aflipbook.obj
c:\users\jasmine\desktop\berry-my-strawberry\winapi_56\x64\release\animator.obj
c:\users\jasmine\desktop\berry-my-strawberry\winapi_56\x64\release\attack_rabbit.obj
c:\users\jasmine\desktop\berry-my-strawberry\winapi_56\x64\release\cloud.obj
c:\users\jasmine\desktop\berry-my-strawberry\winapi_56\x64\release\die_rabbit.obj
c:\users\jasmine\desktop\berry-my-strawberry\winapi_56\x64\release\gamemgr.obj
c:\users\jasmine\desktop\berry-my-strawberry\winapi_56\x64\release\gotcha.obj
c:\users\jasmine\desktop\berry-my-strawberry\winapi_56\x64\release\hitbox.obj
c:\users\jasmine\desktop\berry-my-strawberry\winapi_56\x64\release\asound.obj
c:\users\jasmine\desktop\berry-my-strawberry\winapi_56\x64\release\asprite.obj
c:\users\jasmine\desktop\berry-my-strawberry\winapi_56\x64\release\asset.obj
c:\users\jasmine\desktop\berry-my-strawberry\winapi_56\x64\release\assetmgr.obj
c:\users\jasmine\desktop\berry-my-strawberry\winapi_56\x64\release\atexture.obj
c:\users\jasmine\desktop\berry-my-strawberry\winapi_56\x64\release\attack_player.obj
c:\users\jasmine\desktop\berry-my-strawberry\winapi_56\x64\release\avideo.obj
c:\users\jasmine\desktop\berry-my-strawberry\winapi_56\x64\release\base.obj
c:\users\jasmine\desktop\berry-my-strawberry\winapi_56\x64\release\btnui.obj
c:\users\jasmine\desktop\berry-my-strawberry\winapi_56\x64\release\camera.obj
c:\users\jasmine\desktop\berry-my-strawberry\winapi_56\x64\release\collider.obj
c:\users\jasmine\desktop\berry-my-strawberry\winapi_56\x64\release\collisionmgr.obj
c:\users\jasmine\desktop\berry-my-strawberry\winapi_56\x64\release\component.obj
c:\users\jasmine\desktop\berry-my-strawberry\winapi_56\x64\release\engine.obj
c:\users\jasmine\desktop\berry-my-strawberry\winapi_56\x64\release\eventmgr.obj
c:\users\jasmine\desktop\berry-my-strawberry\winapi_56\x64\release\idle_rabbit.obj
c:\users\jasmine\desktop\berry-my-strawberry\winapi_56\x64\release\interact_player.obj
c:\users\jasmine\desktop\berry-my-strawberry\winapi_56\x64\release\level_ending.obj
c:\users\jasmine\desktop\berry-my-strawberry\winapi_56\x64\release\level_tutorial.obj
c:\users\jasmine\desktop\berry-my-strawberry\winapi_56\x64\release\object.obj
c:\users\jasmine\desktop\berry-my-strawberry\winapi_56\x64\release\potion_player.obj
c:\users\jasmine\desktop\berry-my-strawberry\winapi_56\x64\release\seed_player.obj
c:\users\jasmine\desktop\berry-my-strawberry\winapi_56\x64\release\spriteactor.obj
c:\users\jasmine\desktop\berry-my-strawberry\winapi_56\x64\release\flipbookplayer.obj
c:\users\jasmine\desktop\berry-my-strawberry\winapi_56\x64\release\flipbookpreview.obj
c:\users\jasmine\desktop\berry-my-strawberry\winapi_56\x64\release\func.obj
c:\users\jasmine\desktop\berry-my-strawberry\winapi_56\x64\release\ground.obj
c:\users\jasmine\desktop\berry-my-strawberry\winapi_56\x64\release\idle_player.obj
c:\users\jasmine\desktop\berry-my-strawberry\winapi_56\x64\release\imageui.obj
c:\users\jasmine\desktop\berry-my-strawberry\winapi_56\x64\release\imgui.obj
c:\users\jasmine\desktop\berry-my-strawberry\winapi_56\x64\release\imgui_demo.obj
c:\users\jasmine\desktop\berry-my-strawberry\winapi_56\x64\release\imgui_draw.obj
c:\users\jasmine\desktop\berry-my-strawberry\winapi_56\x64\release\imgui_impl_opengl3.obj
c:\users\jasmine\desktop\berry-my-strawberry\winapi_56\x64\release\imgui_impl_win32.obj
c:\users\jasmine\desktop\berry-my-strawberry\winapi_56\x64\release\imgui_tables.obj
c:\users\jasmine\desktop\berry-my-strawberry\winapi_56\x64\release\imgui_widgets.obj
c:\users\jasmine\desktop\berry-my-strawberry\winapi_56\x64\release\keymgr.obj
c:\users\jasmine\desktop\berry-my-strawberry\winapi_56\x64\release\level.obj
c:\users\jasmine\desktop\berry-my-strawberry\winapi_56\x64\release\levelmgr.obj
c:\users\jasmine\desktop\berry-my-strawberry\winapi_56\x64\release\level_editor.obj
c:\users\jasmine\desktop\berry-my-strawberry\winapi_56\x64\release\level_flipbookeditor.obj
c:\users\jasmine\desktop\berry-my-strawberry\winapi_56\x64\release\level_stage01.obj
c:\users\jasmine\desktop\berry-my-strawberry\winapi_56\x64\release\level_start.obj
c:\users\jasmine\desktop\berry-my-strawberry\winapi_56\x64\release\main.obj
c:\users\jasmine\desktop\berry-my-strawberry\winapi_56\x64\release\missile.obj
c:\users\jasmine\desktop\berry-my-strawberry\winapi_56\x64\release\rabbit.obj
c:\users\jasmine\desktop\berry-my-strawberry\winapi_56\x64\release\move_player.obj
c:\users\jasmine\desktop\berry-my-strawberry\winapi_56\x64\release\panelui.obj
c:\users\jasmine\desktop\berry-my-strawberry\winapi_56\x64\release\pathmgr.obj
c:\users\jasmine\desktop\berry-my-strawberry\winapi_56\x64\release\pch.obj
c:\users\jasmine\desktop\berry-my-strawberry\winapi_56\x64\release\player.obj
c:\users\jasmine\desktop\berry-my-strawberry\winapi_56\x64\release\rendermgr.obj
c:\users\jasmine\desktop\berry-my-strawberry\winapi_56\x64\release\rigidbody.obj
c:\users\jasmine\desktop\berry-my-strawberry\winapi_56\x64\release\shaderloader.obj
c:\users\jasmine\desktop\berry-my-strawberry\winapi_56\x64\release\spriterender.obj
c:\users\jasmine\desktop\berry-my-strawberry\winapi_56\x64\release\state.obj
c:\users\jasmine\desktop\berry-my-strawberry\winapi_56\x64\release\statemachine.obj
c:\users\jasmine\desktop\berry-my-strawberry\winapi_56\x64\release\strawberrry.obj
c:\users\jasmine\desktop\berry-my-strawberry\winapi_56\x64\release\text.obj
c:\users\jasmine\desktop\berry-my-strawberry\winapi_56\x64\release\textmgr.obj
c:\users\jasmine\desktop\berry-my-strawberry\winapi_56\x64\release\tileactor.obj
c:\users\jasmine\desktop\berry-my-strawberry\winapi_56\x64\release\tilerender.obj
c:\users\jasmine\desktop\berry-my-strawberry\winapi_56\x64\release\timemgr.obj
c:\users\jasmine\desktop\berry-my-strawberry\winapi_56\x64\release\tool.obj
c:\users\jasmine\desktop\berry-my-strawberry\winapi_56\x64\release\trace_rabbit.obj
c:\users\jasmine\desktop\berry-my-strawberry\winapi_56\x64\release\ui.obj
c:\users\jasmine\desktop\berry-my-strawberry\winapi_56\x64\release\uimgr.obj
c:\users\jasmine\desktop\berry-my-strawberry\winapi_56\x64\release\videoplayer.obj
c:\users\jasmine\desktop\berry-my-strawberry\winapi_56\x64\release\video_reader.obj
c:\users\jasmine\desktop\berry-my-strawberry\winapi_56\x64\release\wagon.obj
c:\users\jasmine\desktop\berry-my-strawberry\winapi_56\x64\release\water_player.obj
c:\users\jasmine\desktop\berry-my-strawberry\outputfile\bin\mygame.exe
c:\users\jasmine\desktop\berry-my-strawberry\outputfile\bin\mygame.pdb
c:\users\jasmine\desktop\berry-my-strawberry\winapi_56\x64\release\winapi_56.res
c:\users\jasmine\desktop\berry-my-strawberry\winapi_56\x64\release\mygame.ipdb
c:\users\jasmine\desktop\berry-my-strawberry\winapi_56\x64\release\mygame.iobj
c:\users\jasmine\desktop\a\berry-my-strawberry\winapi_56\x64\release\actor.obj
c:\users\jasmine\desktop\a\berry-my-strawberry\winapi_56\x64\release\aflipbook.obj
c:\users\jasmine\desktop\a\berry-my-strawberry\winapi_56\x64\release\animator.obj
c:\users\jasmine\desktop\a\berry-my-strawberry\winapi_56\x64\release\asound.obj
c:\users\jasmine\desktop\a\berry-my-strawberry\winapi_56\x64\release\asprite.obj
c:\users\jasmine\desktop\a\berry-my-strawberry\winapi_56\x64\release\asset.obj
c:\users\jasmine\desktop\a\berry-my-strawberry\winapi_56\x64\release\assetmgr.obj
c:\users\jasmine\desktop\a\berry-my-strawberry\winapi_56\x64\release\atexture.obj
c:\users\jasmine\desktop\a\berry-my-strawberry\winapi_56\x64\release\attack_player.obj
c:\users\jasmine\desktop\a\berry-my-strawberry\winapi_56\x64\release\attack_rabbit.obj
c:\users\jasmine\desktop\a\berry-my-strawberry\winapi_56\x64\release\avideo.obj
c:\users\jasmine\desktop\a\berry-my-strawberry\winapi_56\x64\release\base.obj
c:\users\jasmine\desktop\a\berry-my-strawberry\winapi_56\x64\release\btnui.obj
c:\users\jasmine\desktop\a\berry-my-strawberry\winapi_56\x64\release\camera.obj
c:\users\jasmine\desktop\a\berry-my-strawberry\winapi_56\x64\release\cloud.obj
c:\users\jasmine\desktop\a\berry-my-strawberry\winapi_56\x64\release\collider.obj
c:\users\jasmine\desktop\a\berry-my-strawberry\winapi_56\x64\release\collisionmgr.obj
c:\users\jasmine\desktop\a\berry-my-strawberry\winapi_56\x64\release\component.obj
c:\users\jasmine\desktop\a\berry-my-strawberry\winapi_56\x64\release\die_rabbit.obj
c:\users\jasmine\desktop\a\berry-my-strawberry\winapi_56\x64\release\engine.obj
c:\users\jasmine\desktop\a\berry-my-strawberry\winapi_56\x64\release\eventmgr.obj
c:\users\jasmine\desktop\a\berry-my-strawberry\winapi_56\x64\release\flipbookplayer.obj
c:\users\jasmine\desktop\a\berry-my-strawberry\winapi_56\x64\release\flipbookpreview.obj
c:\users\jasmine\desktop\a\berry-my-strawberry\winapi_56\x64\release\func.obj
c:\users\jasmine\desktop\a\berry-my-strawberry\winapi_56\x64\release\gamemgr.obj
c:\users\jasmine\desktop\a\berry-my-strawberry\winapi_56\x64\release\gotcha.obj
c:\users\jasmine\desktop\a\berry-my-strawberry\winapi_56\x64\release\ground.obj
c:\users\jasmine\desktop\a\berry-my-strawberry\winapi_56\x64\release\hitbox.obj
c:\users\jasmine\desktop\a\berry-my-strawberry\winapi_56\x64\release\idle_player.obj
c:\users\jasmine\desktop\a\berry-my-strawberry\winapi_56\x64\release\idle_rabbit.obj
c:\users\jasmine\desktop\a\berry-my-strawberry\winapi_56\x64\release\imageui.obj
c:\users\jasmine\desktop\a\berry-my-strawberry\winapi_56\x64\release\imgui.obj
c:\users\jasmine\desktop\a\berry-my-strawberry\winapi_56\x64\release\imgui_demo.obj
c:\users\jasmine\desktop\a\berry-my-strawberry\winapi_56\x64\release\imgui_draw.obj
c:\users\jasmine\desktop\a\berry-my-strawberry\winapi_56\x64\release\imgui_impl_opengl3.obj
c:\users\jasmine\desktop\a\berry-my-strawberry\winapi_56\x64\release\imgui_impl_win32.obj
c:\users\jasmine\desktop\a\berry-my-strawberry\winapi_56\x64\release\imgui_tables.obj
c:\users\jasmine\desktop\a\berry-my-strawberry\winapi_56\x64\release\imgui_widgets.obj
c:\users\jasmine\desktop\a\berry-my-strawberry\winapi_56\x64\release\interact_player.obj
c:\users\jasmine\desktop\a\berry-my-strawberry\winapi_56\x64\release\keymgr.obj
c:\users\jasmine\desktop\a\berry-my-strawberry\winapi_56\x64\release\level.obj
c:\users\jasmine\desktop\a\berry-my-strawberry\winapi_56\x64\release\levelmgr.obj
c:\users\jasmine\desktop\a\berry-my-strawberry\winapi_56\x64\release\level_editor.obj
c:\users\jasmine\desktop\a\berry-my-strawberry\winapi_56\x64\release\level_ending.obj
c:\users\jasmine\desktop\a\berry-my-strawberry\winapi_56\x64\release\level_flipbookeditor.obj
c:\users\jasmine\desktop\a\berry-my-strawberry\winapi_56\x64\release\level_stage01.obj
c:\users\jasmine\desktop\a\berry-my-strawberry\winapi_56\x64\release\level_start.obj
c:\users\jasmine\desktop\a\berry-my-strawberry\winapi_56\x64\release\level_tutorial.obj
c:\users\jasmine\desktop\a\berry-my-strawberry\winapi_56\x64\release\main.obj
c:\users\jasmine\desktop\a\berry-my-strawberry\winapi_56\x64\release\missile.obj
c:\users\jasmine\desktop\a\berry-my-strawberry\winapi_56\x64\release\move_player.obj
c:\users\jasmine\desktop\a\berry-my-strawberry\winapi_56\x64\release\object.obj
c:\users\jasmine\desktop\a\berry-my-strawberry\winapi_56\x64\release\panelui.obj
c:\users\jasmine\desktop\a\berry-my-strawberry\winapi_56\x64\release\pathmgr.obj
c:\users\jasmine\desktop\a\berry-my-strawberry\winapi_56\x64\release\pch.obj
c:\users\jasmine\desktop\a\berry-my-strawberry\winapi_56\x64\release\player.obj
c:\users\jasmine\desktop\a\berry-my-strawberry\winapi_56\x64\release\potion_player.obj
c:\users\jasmine\desktop\a\berry-my-strawberry\winapi_56\x64\release\rabbit.obj
c:\users\jasmine\desktop\a\berry-my-strawberry\winapi_56\x64\release\rendermgr.obj
c:\users\jasmine\desktop\a\berry-my-strawberry\winapi_56\x64\release\rigidbody.obj
c:\users\jasmine\desktop\a\berry-my-strawberry\winapi_56\x64\release\seed_player.obj
c:\users\jasmine\desktop\a\berry-my-strawberry\winapi_56\x64\release\shaderloader.obj
c:\users\jasmine\desktop\a\berry-my-strawberry\winapi_56\x64\release\spriteactor.obj
c:\users\jasmine\desktop\a\berry-my-strawberry\winapi_56\x64\release\spriterender.obj
c:\users\jasmine\desktop\a\berry-my-strawberry\winapi_56\x64\release\state.obj
c:\users\jasmine\desktop\a\berry-my-strawberry\winapi_56\x64\release\statemachine.obj
c:\users\jasmine\desktop\a\berry-my-strawberry\winapi_56\x64\release\strawberrry.obj
c:\users\jasmine\desktop\a\berry-my-strawberry\winapi_56\x64\release\text.obj
c:\users\jasmine\desktop\a\berry-my-strawberry\winapi_56\x64\release\textmgr.obj
c:\users\jasmine\desktop\a\berry-my-strawberry\winapi_56\x64\release\tileactor.obj
c:\users\jasmine\desktop\a\berry-my-strawberry\winapi_56\x64\release\tilerender.obj
c:\users\jasmine\desktop\a\berry-my-strawberry\winapi_56\x64\release\timemgr.obj
c:\users\jasmine\desktop\a\berry-my-strawberry\winapi_56\x64\release\tool.obj
c:\users\jasmine\desktop\a\berry-my-strawberry\winapi_56\x64\release\trace_rabbit.obj
c:\users\jasmine\desktop\a\berry-my-strawberry\winapi_56\x64\release\ui.obj
c:\users\jasmine\desktop\a\berry-my-strawberry\winapi_56\x64\release\uimgr.obj
c:\users\jasmine\desktop\a\berry-my-strawberry\winapi_56\x64\release\videoplayer.obj
c:\users\jasmine\desktop\a\berry-my-strawberry\winapi_56\x64\release\video_reader.obj
c:\users\jasmine\desktop\a\berry-my-strawberry\winapi_56\x64\release\wagon.obj
c:\users\jasmine\desktop\a\berry-my-strawberry\winapi_56\x64\release\water_player.obj
c:\users\jasmine\desktop\a\berry-my-strawberry\winapi_56\x64\release\mygame.ipdb
c:\users\jasmine\desktop\a\berry-my-strawberry\winapi_56\x64\release\mygame.iobj
c:\users\jasmine\desktop\a\berry-my-strawberry\winapi_56\x64\release\winapi_56.res
c:\users\jasmine\desktop\a\berry-my-strawberry\winapi_56\x64\release\mygame.pch
c:\users\jasmine\desktop\a\berry-my-strawberry\winapi_56\x64\release\vc143.pdb
c:\users\jasmine\desktop\a\berry-my-strawberry\outputfile\bin\mygame.pdb
c:\users\jasmine\desktop\a\berry-my-strawberry\outputfile\bin\mygame.exe
c:\users\jasmine\desktop\a\berry-my-strawberry\winapi_56\x64\release\winapi_56.tlog\cl.command.1.tlog
c:\users\jasmine\desktop\a\berry-my-strawberry\winapi_56\x64\release\winapi_56.tlog\cl.items.tlog
c:\users\jasmine\desktop\a\berry-my-strawberry\winapi_56\x64\release\winapi_56.tlog\cl.read.1.tlog
c:\users\jasmine\desktop\a\berry-my-strawberry\winapi_56\x64\release\winapi_56.tlog\cl.write.1.tlog
c:\users\jasmine\desktop\a\berry-my-strawberry\winapi_56\x64\release\winapi_56.tlog\link.command.1.tlog
c:\users\jasmine\desktop\a\berry-my-strawberry\winapi_56\x64\release\winapi_56.tlog\link.read.1.tlog
c:\users\jasmine\desktop\a\berry-my-strawberry\winapi_56\x64\release\winapi_56.tlog\link.secondary.1.tlog
c:\users\jasmine\desktop\a\berry-my-strawberry\winapi_56\x64\release\winapi_56.tlog\link.write.1.tlog
c:\users\jasmine\desktop\a\berry-my-strawberry\winapi_56\x64\release\winapi_56.tlog\rc.command.1.tlog
c:\users\jasmine\desktop\a\berry-my-strawberry\winapi_56\x64\release\winapi_56.tlog\rc.read.1.tlog
c:\users\jasmine\desktop\a\berry-my-strawberry\winapi_56\x64\release\winapi_56.tlog\rc.write.1.tlog
